// Jest Snapshot v1, https://goo.gl/fbAQLP

exports[`<MockedProvider /> renders correctly the list of movies 1`] = `
<RCTScrollView>
  <View>
    <View
      style={
        Object {
          "borderBottomWidth": 1,
          "borderColor": "#ddd",
          "height": 60,
          "justifyContent": "center",
          "paddingLeft": 10,
        }
      }
    >
      <Text
        style={
          Object {
            "fontSize": 18,
          }
        }
      >
        Interstellar
         - 
        2014
      </Text>
      <Text
        style={
          Object {
            "fontSize": 12,
          }
        }
      >
        Christopher
         
        Nolan
      </Text>
    </View>
  </View>
</RCTScrollView>
`;

exports[`<MockedProvider /> renders correctly the loading state 1`] = `
<ActivityIndicator
  animating={true}
  color="#999999"
  hidesWhenStopped={true}
  size="small"
  style={
    Object {
      "flex": 1,
    }
  }
/>
`;

exports[`<MockedProvider /> renders correctly when there are errors 1`] = `
<Text>
  Error: Error: Network error: ouch, something went wrong!
</Text>
`;

exports[`<MockedProvider /> renders correctly when there are no movies 1`] = `
<RCTScrollView>
  <View />
</RCTScrollView>
`;
